_GLOBAL_TS_PORT_FE              = $9132 ; addr, public, , _GLOBAL_ZXN_PORT_FE, data_arch, ../target/zxn/globals/z80/_GLOBAL_ZXN_PORT_FE.asm:8
_GLOBAL_ZXN_PORT_FE             = $9132 ; addr, public, , _GLOBAL_ZXN_PORT_FE, data_arch, ../target/zxn/globals/z80/_GLOBAL_ZXN_PORT_FE.asm:7
_GLOBAL_ZX_PORT_FE              = $9132 ; addr, public, , _GLOBAL_ZXN_PORT_FE, data_arch, ../target/zxn/globals/z80/_GLOBAL_ZXN_PORT_FE.asm:9
__ASM_LINE_206_banked_2ec       = $0000 ; addr, local, , banked_c, , banked.c:206
__ASM_LINE_206_vars_2ec         = $0000 ; addr, local, , vars_c, , vars.c:206
__ASM_LINE_235_vars_2ec         = $9294 ; addr, local, , vars_c, bss_compiler, vars.c:235
__ASM_LINE_237_vars_2ec         = $9296 ; addr, local, , vars_c, bss_compiler, vars.c:237
__ASM_LINE_239_vars_2ec         = $92A2 ; addr, local, , vars_c, bss_compiler, vars.c:239
__ASM_LINE_241_vars_2ec         = $92A4 ; addr, local, , vars_c, bss_compiler, vars.c:241
__CDBINFO__F_3aG_24banked_5ffn_24_30_5f_30_24_30_28_7b_32_7dDF_2cSI_3aS_29_2cC_2c_30_2c_30_2c_30_2c_30_2c_30 = $0001 ; const, public, , banked_c, IGNORE, banked.c::x::10000::7	:6
__CDBINFO__F_3aG_24leaf_24_30_5f_30_24_30_28_7b_32_7dDF_2cSI_3aS_29_2cC_2c_30_2c_30_2c_30_2c_30_2c_30 = $0001 ; const, public, , vars_c, IGNORE, vars.c::x::10000::18	:67
__CDBINFO__F_3aG_24longs_24_30_5f_30_24_30_28_7b_32_7dDF_2cSL_3aS_29_2cC_2c_30_2c_31_33_2c_30_2c_30_2c_30 = $0001 ; const, public, , vars_c, IGNORE, vars.c::x::10000::18	:67
__CDBINFO__F_3aG_24main_24_30_5f_30_24_30_28_7b_32_7dDF_2cSI_3aS_29_2cC_2c_30_2c_30_2c_30_2c_30_2c_30 = $0001 ; const, public, , vars_c, IGNORE, vars.c::x::10000::18	:67
__CDBINFO__F_3aG_24sum_5fpoints_24_30_5f_30_24_30_28_7b_32_7dDF_2cSI_3aS_29_2cC_2c_30_2c_30_2c_30_2c_30_2c_30 = $0001 ; const, public, , vars_c, IGNORE, vars.c::x::10000::18	:67
__CDBINFO__F_3aG_24with_5fstatic_24_30_5f_30_24_30_28_7b_32_7dDF_2cSI_3aS_29_2cC_2c_30_2c_34_2c_30_2c_30_2c_30 = $0001 ; const, public, , vars_c, IGNORE, vars.c::x::10000::18	:67
__CDBINFO__M_3abanked           = $0001 ; const, public, , banked_c, IGNORE, banked.c::x::10000::7	:6
__CDBINFO__M_3avars             = $0001 ; const, public, , vars_c, IGNORE, vars.c::x::10000::18	:67
__CDBINFO__S_3aFvars_24file_5fstatic_24_30_5f_30_24_30_28_7b_31_7dSC_3aU_29_2cE_2c_30_2c_30 = $0001 ; const, public, , vars_c, IGNORE, vars.c::x::10000::18	:67
__CDBINFO__S_3aG_24banked_5ffn_24_30_5f_30_24_30_28_7b_32_7dDF_2cSI_3aS_29_2cC_2c_30_2c_30 = $0001 ; const, public, , banked_c, IGNORE, banked.c::x::10000::7	:6
__CDBINFO__S_3aG_24big_24_30_5f_30_24_30_28_7b_34_7dSL_3aS_29_2cE_2c_30_2c_30 = $0001 ; const, public, , vars_c, IGNORE, vars.c::x::10000::18	:67
__CDBINFO__S_3aG_24colour_24_30_5f_30_24_30_28_7b_31_7dSC_3aU_29_2cE_2c_30_2c_30 = $0001 ; const, public, , vars_c, IGNORE, vars.c::x::10000::18	:67
__CDBINFO__S_3aG_24global_5fcounter_24_30_5f_30_24_30_28_7b_32_7dSI_3aS_29_2cE_2c_30_2c_30 = $0001 ; const, public, , vars_c, IGNORE, vars.c::x::10000::18	:67
__CDBINFO__S_3aG_24global_5finit_24_30_5f_30_24_30_28_7b_32_7dSI_3aS_29_2cE_2c_30_2c_30 = $0001 ; const, public, , vars_c, IGNORE, vars.c::x::10000::18	:67
__CDBINFO__S_3aG_24leaf_24_30_5f_30_24_30_28_7b_32_7dDF_2cSI_3aS_29_2cC_2c_30_2c_30 = $0001 ; const, public, , vars_c, IGNORE, vars.c::x::10000::18	:67
__CDBINFO__S_3aG_24longs_24_30_5f_30_24_30_28_7b_32_7dDF_2cSL_3aS_29_2cC_2c_30_2c_31_33 = $0001 ; const, public, , vars_c, IGNORE, vars.c::x::10000::18	:67
__CDBINFO__S_3aG_24main_24_30_5f_30_24_30_28_7b_32_7dDF_2cSI_3aS_29_2cC_2c_30_2c_30 = $0001 ; const, public, , vars_c, IGNORE, vars.c::x::10000::18	:67
__CDBINFO__S_3aG_24player_24_30_5f_30_24_30_28_7b_31_33_7dSTsprite_3aS_29_2cE_2c_30_2c_30 = $0001 ; const, public, , vars_c, IGNORE, vars.c::x::10000::18	:67
__CDBINFO__S_3aG_24points_24_30_5f_30_24_30_28_7b_31_32_7dDA_33d_2cSTpoint_3aS_29_2cE_2c_30_2c_30 = $0001 ; const, public, , vars_c, IGNORE, vars.c::x::10000::18	:67
__CDBINFO__S_3aG_24ptr_24_30_5f_30_24_30_28_7b_32_7dDG_2cSC_3aU_29_2cE_2c_30_2c_30 = $0001 ; const, public, , vars_c, IGNORE, vars.c::x::10000::18	:67
__CDBINFO__S_3aG_24ratio_24_30_5f_30_24_30_28_7b_34_7dSF_3aS_29_2cE_2c_30_2c_30 = $0001 ; const, public, , vars_c, IGNORE, vars.c::x::10000::18	:67
__CDBINFO__S_3aG_24sum_5fpoints_24_30_5f_30_24_30_28_7b_32_7dDF_2cSI_3aS_29_2cC_2c_30_2c_30 = $0001 ; const, public, , vars_c, IGNORE, vars.c::x::10000::18	:67
__CDBINFO__S_3aG_24with_5fstatic_24_30_5f_30_24_30_28_7b_32_7dDF_2cSI_3aS_29_2cC_2c_30_2c_34 = $0001 ; const, public, , vars_c, IGNORE, vars.c::x::10000::18	:67
__CDBINFO__S_3aG_24word_24_30_5f_30_24_30_28_7b_32_7dSTu_31_36_3aS_29_2cE_2c_30_2c_30 = $0001 ; const, public, , vars_c, IGNORE, vars.c::x::10000::18	:67
__CDBINFO__S_3aLbanked_2ebanked_5ffn_24c_24_31_5f_30_24_36_28_7b_31_7dSC_3aU_29_2cB_2c_31_2c_36 = $0001 ; const, public, , banked_c, IGNORE, banked.c::x::10000::7	:6
__CDBINFO__S_3aLbanked_2ebanked_5ffn_24x_24_31_5f_30_24_36_28_7b_32_7dSI_3aS_29_2cB_2c_31_2c_34 = $0001 ; const, public, , banked_c, IGNORE, banked.c::x::10000::7	:6
__CDBINFO__S_3aLbanked_2ebanked_5ffn_24y_24_31_5f_30_24_37_28_7b_32_7dSI_3aS_29_2cR_2c_30_2c_30_2c_5bl_2ch_5d = $0001 ; const, public, , banked_c, IGNORE, banked.c::x::10000::7	:6
__CDBINFO__S_3aLvars_2eleaf_24a_24_31_5f_30_24_36_28_7b_32_7dSI_3aS_29_2cB_2c_31_2c_34 = $0001 ; const, public, , vars_c, IGNORE, vars.c::x::10000::18	:67
__CDBINFO__S_3aLvars_2elongs_24a_24_31_5f_30_24_31_35_28_7b_34_7dSL_3aS_29_2cB_2c_31_2c_34 = $0001 ; const, public, , vars_c, IGNORE, vars.c::x::10000::18	:67
__CDBINFO__S_3aLvars_2elongs_24b_24_31_5f_30_24_31_35_28_7b_34_7dSL_3aS_29_2cB_2c_31_2c_38 = $0001 ; const, public, , vars_c, IGNORE, vars.c::x::10000::18	:67
__CDBINFO__S_3aLvars_2elongs_24local_5fsprite_24_31_5f_30_24_31_36_28_7b_31_33_7dSTsprite_3aS_29_2cB_2c_31_2c_2d_31_37 = $0001 ; const, public, , vars_c, IGNORE, vars.c::x::10000::18	:67
__CDBINFO__S_3aLvars_2elongs_24r_24_31_5f_30_24_31_36_28_7b_34_7dSL_3aS_29_2cR_2c_30_2c_30_2c_5bc_2cb_2ce_2cd_5d = $0001 ; const, public, , vars_c, IGNORE, vars.c::x::10000::18	:67
__CDBINFO__S_3aLvars_2elongs_24sloc_30_24_30_5f_31_24_30_28_7b_34_7dSL_3aS_29_2cB_2c_31_2c_2d_34 = $0001 ; const, public, , vars_c, IGNORE, vars.c::x::10000::18	:67
__CDBINFO__S_3aLvars_2emain_24result_24_31_5f_30_24_31_38_28_7b_32_7dSI_3aS_29_2cR_2c_30_2c_30_2c_5be_2cd_5d = $0001 ; const, public, , vars_c, IGNORE, vars.c::x::10000::18	:67
__CDBINFO__S_3aLvars_2esum_5fpoints_24count_24_31_5f_30_24_38_28_7b_31_7dSC_3aU_29_2cB_2c_31_2c_36 = $0001 ; const, public, , vars_c, IGNORE, vars.c::x::10000::18	:67
__CDBINFO__S_3aLvars_2esum_5fpoints_24dx_24_33_5f_30_24_31_31_28_7b_32_7dSI_3aS_29_2cR_2c_30_2c_30_2c_5bl_2ch_5d = $0001 ; const, public, , vars_c, IGNORE, vars.c::x::10000::18	:67
__CDBINFO__S_3aLvars_2esum_5fpoints_24i_24_31_5f_30_24_39_28_7b_31_7dSC_3aU_29_2cB_2c_31_2c_2d_31 = $0001 ; const, public, , vars_c, IGNORE, vars.c::x::10000::18	:67
__CDBINFO__S_3aLvars_2esum_5fpoints_24p_24_31_5f_30_24_38_28_7b_32_7dDG_2cSTpoint_3aS_29_2cB_2c_31_2c_34 = $0001 ; const, public, , vars_c, IGNORE, vars.c::x::10000::18	:67
__CDBINFO__S_3aLvars_2esum_5fpoints_24sloc_30_24_30_5f_31_24_30_28_7b_31_7dSC_3aU_29_2cB_2c_31_2c_2d_31 = $0001 ; const, public, , vars_c, IGNORE, vars.c::x::10000::18	:67
__CDBINFO__S_3aLvars_2esum_5fpoints_24total_24_31_5f_30_24_39_28_7b_32_7dSI_3aS_29_2cR_2c_30_2c_30_2c_5be_2cd_5d = $0001 ; const, public, , vars_c, IGNORE, vars.c::x::10000::18	:67
__CDBINFO__S_3aLvars_2esum_5fpoints_24total_24_34_5f_30_24_31_32_28_7b_32_7dSI_3aS_29_2cR_2c_30_2c_30_2c_5bc_2cb_5d = $0001 ; const, public, , vars_c, IGNORE, vars.c::x::10000::18	:67
__CDBINFO__S_3aLvars_2ewith_5fstatic_24buf_24_31_5f_30_24_31_34_28_7b_34_7dDA_34d_2cSC_3aU_29_2cB_2c_31_2c_2d_34 = $0001 ; const, public, , vars_c, IGNORE, vars.c::x::10000::18	:67
__CDBINFO__S_3aLvars_2ewith_5fstatic_24calls_24_31_5f_30_24_31_34_28_7b_32_7dSI_3aS_29_2cE_2c_30_2c_30 = $0001 ; const, public, , vars_c, IGNORE, vars.c::x::10000::18	:67
__CDBINFO__T_3aFvars_24point_5b_28_7b_30_7dS_3aS_24x_24_30_5f_30_24_30_28_7b_32_7dSI_3aS_29_2cZ_2c_30_2c_30_29_28_7b_32_7dS_3aS_24y_24_30_5f_30_24_30_28_7b_32_7dSI_3aS_29_2cZ_2c_30_2c_30_29_5d = $0001 ; const, public, , vars_c, IGNORE, vars.c::x::10000::18	:67
__CDBINFO__T_3aFvars_24sprite_5b_28_7b_30_7dS_3aS_24pos_24_30_5f_30_24_30_28_7b_34_7dSTpoint_3aS_29_2cZ_2c_30_2c_30_29_28_7b_34_7dS_3aS_24frame_24_30_5f_30_24_30_28_7b_31_7dSC_3aU_29_2cZ_2c_30_2c_30_29_28_7b_35_7dS_3aS_24name_24_30_5f_30_24_30_28_7b_36_7dDA_36d_2cSC_3aU_29_2cZ_2c_30_2c_30_29_28_7b_31_31_7dS_3aS_24next_24_30_5f_30_24_30_28_7b_32_7dDG_2cSTsprite_3aS_29_2cZ_2c_30_2c_30_29_5d = $0001 ; const, public, , vars_c, IGNORE, vars.c::x::10000::18	:67
__CDBINFO__T_3aFvars_24u_31_36_5b_28_7b_30_7dS_3aS_24w_24_30_5f_30_24_30_28_7b_32_7dSI_3aU_29_2cZ_2c_30_2c_30_29_28_7b_30_7dS_3aS_24b_24_30_5f_30_24_30_28_7b_32_7dDA_32d_2cSC_3aU_29_2cZ_2c_30_2c_30_29_5d = $0001 ; const, public, , vars_c, IGNORE, vars.c::x::10000::18	:67
__C_LINE_20_vars_2ec_3a_3ax_3a_3a0_3a_3a7_09 = $8F78 ; addr, local, , vars_c, code_compiler, vars.c::x::0::7	:20
__C_LINE_22_vars_2ec_3a_3ax_3a_3a10000_3a_3a7_09 = $8F7B ; addr, local, , vars_c, code_compiler, vars.c::x::10000::7	:22
__C_LINE_23_vars_2ec_3a_3ax_3a_3a10000_3a_3a7_09 = $8F82 ; addr, local, , vars_c, code_compiler, vars.c::x::10000::7	:23
__C_LINE_25_vars_2ec_3a_3ax_3a_3a10000_3a_3a9_09 = $8F85 ; addr, local, , vars_c, code_compiler, vars.c::x::10000::9	:25
__C_LINE_27_vars_2ec_3a_3ax_3a_3a20000_3a_3a9_09 = $8F89 ; addr, local, , vars_c, code_compiler, vars.c::x::20000::9	:27
__C_LINE_29_vars_2ec_3a_3ax_3a_3a10000_3a_3a9_09 = $8F8C ; addr, local, , vars_c, code_compiler, vars.c::x::10000::9	:29
__C_LINE_29_vars_2ec_3a_3ax_3a_3a20000_3a_3a10_09 = $8FC2 ; addr, local, , vars_c, code_compiler, vars.c::x::20000::10	:29
__C_LINE_2_banked_2ec_3a_3ax_3a_3a0_3a_3a7_09 = $140000 ; addr, local, , banked_c, PAGE_20_CODE, banked.c::x::0::7	:2
__C_LINE_30_vars_2ec_3a_3ax_3a_3a30000_3a_3a11_09 = $8F98 ; addr, local, , vars_c, code_compiler, vars.c::x::30000::11	:30
__C_LINE_31_vars_2ec_3a_3ax_3a_3a30000_3a_3a11_09 = $8FAF ; addr, local, , vars_c, code_compiler, vars.c::x::30000::11	:31
__C_LINE_33_vars_2ec_3a_3ax_3a_3a40000_3a_3a12_09 = $8FB0 ; addr, local, , vars_c, code_compiler, vars.c::x::40000::12	:33
__C_LINE_34_vars_2ec_3a_3ax_3a_3a40000_3a_3a12_09 = $8FB8 ; addr, local, , vars_c, code_compiler, vars.c::x::40000::12	:34
__C_LINE_37_vars_2ec_3a_3ax_3a_3a10000_3a_3a9_09 = $8FC7 ; addr, local, , vars_c, code_compiler, vars.c::x::10000::9	:37
__C_LINE_38_vars_2ec_3a_3ax_3a_3a10000_3a_3a9_09 = $8FC7 ; addr, local, , vars_c, code_compiler, vars.c::x::10000::9	:38
__C_LINE_40_vars_2ec_3a_3ax_3a_3a10000_3a_3a14_09 = $8FCC ; addr, local, , vars_c, code_compiler, vars.c::x::10000::14	:40
__C_LINE_44_vars_2ec_3a_3ax_3a_3a10000_3a_3a14_09 = $8FD1 ; addr, local, , vars_c, code_compiler, vars.c::x::10000::14	:44
__C_LINE_45_vars_2ec_3a_3ax_3a_3a10000_3a_3a14_09 = $8FD9 ; addr, local, , vars_c, code_compiler, vars.c::x::10000::14	:45
__C_LINE_46_vars_2ec_3a_3ax_3a_3a10000_3a_3a14_09 = $8FE0 ; addr, local, , vars_c, code_compiler, vars.c::x::10000::14	:46
__C_LINE_47_vars_2ec_3a_3ax_3a_3a10000_3a_3a14_09 = $8FE9 ; addr, local, , vars_c, code_compiler, vars.c::x::10000::14	:47
__C_LINE_49_vars_2ec_3a_3ax_3a_3a10000_3a_3a16_09 = $8FEE ; addr, local, , vars_c, code_compiler, vars.c::x::10000::16	:49
__C_LINE_4_banked_2ec_3a_3ax_3a_3a10000_3a_3a7_09 = $140003 ; addr, local, , banked_c, PAGE_20_CODE, banked.c::x::10000::7	:4
__C_LINE_51_vars_2ec_3a_3ax_3a_3a10000_3a_3a16_09 = $8FF6 ; addr, local, , vars_c, code_compiler, vars.c::x::10000::16	:51
__C_LINE_52_vars_2ec_3a_3ax_3a_3a10000_3a_3a16_09 = $9002 ; addr, local, , vars_c, code_compiler, vars.c::x::10000::16	:52
__C_LINE_53_vars_2ec_3a_3ax_3a_3a10000_3a_3a16_09 = $9016 ; addr, local, , vars_c, code_compiler, vars.c::x::10000::16	:53
__C_LINE_54_vars_2ec_3a_3ax_3a_3a10000_3a_3a16_09 = $901D ; addr, local, , vars_c, code_compiler, vars.c::x::10000::16	:54
__C_LINE_55_vars_2ec_3a_3ax_3a_3a10000_3a_3a16_09 = $9037 ; addr, local, , vars_c, code_compiler, vars.c::x::10000::16	:55
__C_LINE_57_vars_2ec_3a_3ax_3a_3a10000_3a_3a18_09 = $903C ; addr, local, , vars_c, code_compiler, vars.c::x::10000::18	:57
__C_LINE_5_banked_2ec_3a_3ax_3a_3a10000_3a_3a7_09 = $14000A ; addr, local, , banked_c, PAGE_20_CODE, banked.c::x::10000::7	:5
__C_LINE_60_vars_2ec_3a_3ax_3a_3a10000_3a_3a18_09 = $903C ; addr, local, , vars_c, code_compiler, vars.c::x::10000::18	:60
__C_LINE_61_vars_2ec_3a_3ax_3a_3a10000_3a_3a18_09 = $9047 ; addr, local, , vars_c, code_compiler, vars.c::x::10000::18	:61
__C_LINE_62_vars_2ec_3a_3ax_3a_3a10000_3a_3a18_09 = $9054 ; addr, local, , vars_c, code_compiler, vars.c::x::10000::18	:62
__C_LINE_63_vars_2ec_3a_3ax_3a_3a10000_3a_3a18_09 = $905A ; addr, local, , vars_c, code_compiler, vars.c::x::10000::18	:63
__C_LINE_64_vars_2ec_3a_3ax_3a_3a10000_3a_3a18_09 = $9062 ; addr, local, , vars_c, code_compiler, vars.c::x::10000::18	:64
__C_LINE_65_vars_2ec_3a_3ax_3a_3a10000_3a_3a18_09 = $9082 ; addr, local, , vars_c, code_compiler, vars.c::x::10000::18	:65
__C_LINE_66_vars_2ec_3a_3ax_3a_3a10000_3a_3a18_09 = $9086 ; addr, local, , vars_c, code_compiler, vars.c::x::10000::18	:66
__C_LINE_67_vars_2ec_3a_3ax_3a_3a10000_3a_3a18_09 = $9088 ; addr, local, , vars_c, code_compiler, vars.c::x::10000::18	:67
__C_LINE_6_banked_2ec_3a_3ax_3a_3a10000_3a_3a7_09 = $140010 ; addr, local, , banked_c, PAGE_20_CODE, banked.c::x::10000::7	:6
_banked_fn                      = $140000 ; addr, public, , banked_c, PAGE_20_CODE, banked.c::x::0::7	:2
_big                            = $9278 ; addr, public, , vars_c, data_compiler, vars.c::x::10000::18	:67
_colour                         = $928D ; addr, public, , vars_c, data_compiler, vars.c::x::10000::18	:67
_errno                          = $9290 ; addr, public, , _errno, bss_error, ../error/z80/_errno.asm:7
_file_static                    = $9277 ; addr, local, , vars_c, data_compiler, vars.c::x::10000::18	:67
_global_counter                 = $9294 ; addr, public, , vars_c, bss_compiler, vars.c:235
_global_init                    = $9275 ; addr, public, , vars_c, data_compiler, vars.c::x::10000::18	:67
_greeting                       = $912A ; addr, public, , vars_c, rodata_compiler, vars.c::x::10000::7	:23
_leaf                           = $8F78 ; addr, public, , vars_c, code_compiler, vars.c::x::0::7	:20
_longs                          = $8FEE ; addr, public, , vars_c, code_compiler, vars.c::x::10000::16	:49
_main                           = $903C ; addr, public, , vars_c, code_compiler, vars.c::x::10000::18	:57
_player                         = $9280 ; addr, public, , vars_c, data_compiler, vars.c::x::10000::18	:67
_points                         = $9296 ; addr, public, , vars_c, bss_compiler, vars.c:237
_ptr                            = $928E ; addr, public, , vars_c, data_compiler, vars.c::x::10000::18	:67
_ratio                          = $927C ; addr, public, , vars_c, data_compiler, vars.c::x::10000::18	:67
_stderr                         = $925D ; addr, public, , zxn_crt_asm_m4, data_stdio, /Users/vmorilla/bin/z88dk/lib/config/../..//libsrc/newlib/target/zxn/zxn_crt.asm.m4:9177
_stdin                          = $923B ; addr, public, , zxn_crt_asm_m4, data_stdio, /Users/vmorilla/bin/z88dk/lib/config/../..//libsrc/newlib/target/zxn/zxn_crt.asm.m4:8887
_stdout                         = $924C ; addr, public, , zxn_crt_asm_m4, data_stdio, /Users/vmorilla/bin/z88dk/lib/config/../..//libsrc/newlib/target/zxn/zxn_crt.asm.m4:9038
_sum_points                     = $8F85 ; addr, public, , vars_c, code_compiler, vars.c::x::10000::9	:25
_with_static                    = $8FCC ; addr, public, , vars_c, code_compiler, vars.c::x::10000::14	:40
_with_static_calls_10000_14     = $92A4 ; addr, local, , vars_c, bss_compiler, vars.c:241
_word                           = $92A2 ; addr, public, , vars_c, bss_compiler, vars.c:239
asm0_cpu_pop_ei                 = $8F55 ; addr, public, , asm_z80_pop_ei, code_z80, ../arch/z80/z80/asm_z80_pop_ei.asm:56
asm0_z80_pop_ei                 = $8F55 ; addr, public, , asm_z80_pop_ei, code_z80, ../arch/z80/z80/asm_z80_pop_ei.asm:55
asm_cpu_delay_ms                = $8F19 ; addr, public, , asm_z80_delay_ms, code_z80, ../arch/z80/z80/asm_z80_delay_ms.asm:26
asm_cpu_delay_tstate            = $8F2E ; addr, public, , asm_z80_delay_tstate, code_z80, ../arch/z80/z80/asm_z80_delay_tstate.asm:23
asm_cpu_pop_ei                  = $8F50 ; addr, public, , asm_z80_pop_ei, code_z80, ../arch/z80/z80/asm_z80_pop_ei.asm:30
asm_cpu_pop_ei_jp               = $8F55 ; addr, public, , asm_z80_pop_ei, code_z80, ../arch/z80/z80/asm_z80_pop_ei.asm:58
asm_cpu_push_di                 = $8F5C ; addr, public, , asm_z80_push_di, code_z80, ../arch/z80/z80/asm_z80_push_di.asm:22
asm_z80_delay_ms                = $8F19 ; addr, public, , asm_z80_delay_ms, code_z80, ../arch/z80/z80/asm_z80_delay_ms.asm:25
asm_z80_delay_tstate            = $8F2E ; addr, public, , asm_z80_delay_tstate, code_z80, ../arch/z80/z80/asm_z80_delay_tstate.asm:22
asm_z80_pop_ei                  = $8F50 ; addr, public, , asm_z80_pop_ei, code_z80, ../arch/z80/z80/asm_z80_pop_ei.asm:29
asm_z80_pop_ei_jp               = $8F55 ; addr, public, , asm_z80_pop_ei, code_z80, ../arch/z80/z80/asm_z80_pop_ei.asm:57
asm_z80_push_di                 = $8F5C ; addr, public, , asm_z80_push_di, code_z80, ../arch/z80/z80/asm_z80_push_di.asm:21
b0                              = $8F48 ; addr, local, , asm_z80_delay_tstate, code_z80, ../arch/z80/z80/asm_z80_delay_tstate.asm:94
b1                              = $8F4D ; addr, local, , asm_z80_delay_tstate, code_z80, ../arch/z80/z80/asm_z80_delay_tstate.asm:101
b_banked_fn                     = $0000 ; const, public, , banked_c, PAGE_20_CODE, banked.c::x::0::7	:2
continue                        = $8F71 ; addr, local, , asm_z80_push_di, code_z80, ../arch/z80/z80/asm_z80_push_di.asm:82
di_state                        = $8F5A ; addr, local, , asm_z80_pop_ei, code_z80, ../arch/z80/z80/asm_z80_pop_ei.asm:90
ei_state                        = $8F58 ; addr, local, , asm_z80_pop_ei, code_z80, ../arch/z80/z80/asm_z80_pop_ei.asm:85
g0                              = $8F43 ; addr, local, , asm_z80_delay_tstate, code_z80, ../arch/z80/z80/asm_z80_delay_tstate.asm:83
g1                              = $8F44 ; addr, local, , asm_z80_delay_tstate, code_z80, ../arch/z80/z80/asm_z80_delay_tstate.asm:87
in_key_translation_table        = $908A ; addr, public, , in_key_translation_table, rodata_input, ../newlib/input/zx/z80/in_key_translation_table.asm:12
l_longs_00103                   = $9037 ; addr, local, , vars_c, code_compiler, vars.c::x::10000::16	:54
l_sum_points_00101              = $8FC7 ; addr, local, , vars_c, code_compiler, vars.c::x::20000::10	:29
l_sum_points_00103              = $8F90 ; addr, local, , vars_c, code_compiler, vars.c::x::10000::9	:29
last_ms                         = $8F28 ; addr, local, , asm_z80_delay_ms, code_z80, ../arch/z80/z80/asm_z80_delay_ms.asm:79
loop                            = $8F35 ; addr, local, , asm_z80_delay_tstate, code_z80, ../arch/z80/z80/asm_z80_delay_tstate.asm:69
ms_loop                         = $8F1B ; addr, local, , asm_z80_delay_ms, code_z80, ../arch/z80/z80/asm_z80_delay_ms.asm:35
unknown_type                    = $8F14 ; addr, local, , asm_mtx_init, code_threads_mutex, ../newlib/threads/mutex/z80/asm_mtx_init.asm:66
zxn                             = $0000 ; addr, local, , banked_c, , banked.c:206
zxn                             = $0000 ; addr, local, , vars_c, , vars.c:206
